2026-03-02 14:39:52,121 - build - log - DEBUG - Writing log messages to new file /project/6087451/alaminie/Nile/Data_Catalog_Tana/Wflow_chrpsTana1000_pet3Lake3mnth/hydromt.log.
2026-03-02 14:39:52,122 - build - log - INFO - HydroMT version: 0.10.1
2026-03-02 14:39:52,122 - build - main - INFO - Building instance of wflow model at /project/6087451/alaminie/Nile/Data_Catalog_Tana/Wflow_chrpsTana1000_pet3Lake3mnth.
2026-03-02 14:39:52,122 - build - main - INFO - User settings:
2026-03-02 14:39:52,245 - build - data_catalog - INFO - Parsing data catalog from /project/6087451/alaminie/Nile/Data_Catalog_Tana/data_catalog.yml
2026-03-02 14:39:52,253 - build - model_api - INFO - Initializing wflow model from hydromt_wflow (v0.8.0).
2026-03-02 14:39:52,253 - build - data_catalog - INFO - Parsing data catalog from /project/6087451/alaminie/Nile/HydroMT_Wflow/lib/python3.11/site-packages/hydromt_wflow/data/parameters_data.yml
2026-03-02 14:39:52,260 - build - model_api - DEBUG - Setting model config options.
2026-03-02 14:39:52,269 - build - model_api - DEBUG - Default config read from /project/6087451/alaminie/Nile/HydroMT_Wflow/lib/python3.11/site-packages/hydromt_wflow/data/wflow/wflow_sbm.toml
2026-03-02 14:39:52,269 - build - model_api - INFO - setup_basemaps.region: {'bbox': [36.74, 10.94599, 38.236, 12.75399]}
2026-03-02 14:39:52,269 - build - model_api - INFO - setup_basemaps.hydrography_fn: merit_hydro
2026-03-02 14:39:52,269 - build - model_api - INFO - setup_basemaps.basin_index_fn: merit_hydro_index
2026-03-02 14:39:52,269 - build - model_api - INFO - setup_basemaps.res: 0.008333
2026-03-02 14:39:52,269 - build - model_api - INFO - setup_basemaps.upscale_method: ihu
2026-03-02 14:39:52,269 - build - wflow - INFO - Preparing base hydrography basemaps.
2026-03-02 14:39:52,280 - build - rasterdataset - INFO - Reading merit_hydro raster data from /project/6087451/alaminie/Nile/Data_Catalog_Tana/Merit_T/*.tif
2026-03-02 14:39:52,410 - build - basin_mask - DEBUG - Parsed region (kind=bbox): {'bbox': [36.74, 10.94599, 38.236, 12.75399]}
2026-03-02 14:39:52,426 - build - wflow - DEBUG - Adding basins vector to geoms.
2026-03-02 14:39:52,426 - build - basemaps - DEBUG - (Sub)basin at original resolution has 674696 cells.
2026-03-02 14:39:52,966 - build - basemaps - INFO - Upscale flow direction data: 4x, ihu method.
2026-03-02 14:40:00,526 - build - basemaps - DEBUG - Derive stream order.
2026-03-02 14:40:00,624 - build - basemaps - DEBUG - Map shape: (226, 187); active cells: 42262.
2026-03-02 14:40:00,624 - build - basemaps - DEBUG - Outlet coordinates (5/268): (36.74400,12.75000), (36.76000,12.75000), (36.76800,12.75000), (36.80800,12.75000), (36.81600,12.75000).
2026-03-02 14:40:00,710 - build - wflow - DEBUG - Adding region vector to geoms.
2026-03-02 14:40:00,711 - build - model_api - INFO - setup_rivers.hydrography_fn: merit_hydro
2026-03-02 14:40:00,711 - build - model_api - INFO - setup_rivers.river_geom_fn: hydro_rivers_af
2026-03-02 14:40:00,711 - build - model_api - INFO - setup_rivers.river_upa: 2
2026-03-02 14:40:00,711 - build - model_api - INFO - setup_rivers.rivdph_method: powlaw
2026-03-02 14:40:00,711 - build - model_api - INFO - setup_rivers.slope_len: 500
2026-03-02 14:40:00,711 - build - model_api - INFO - setup_rivers.min_rivlen_ratio: 0.0
2026-03-02 14:40:00,711 - build - model_api - INFO - setup_rivers.min_rivdph: 0.7
2026-03-02 14:40:00,711 - build - model_api - INFO - setup_rivers.min_rivwth: 8
2026-03-02 14:40:00,711 - build - model_api - INFO - setup_rivers.smooth_len: 1000
2026-03-02 14:40:00,711 - build - model_api - INFO - setup_rivers.rivman_mapping_fn: roughness_river_mapping_default
2026-03-02 14:40:00,711 - build - model_api - INFO - setup_rivers.elevtn_map: wflow_dem
2026-03-02 14:40:00,712 - build - model_api - INFO - setup_rivers.river_routing: kinematic-wave
2026-03-02 14:40:00,712 - build - model_api - INFO - setup_rivers.connectivity: 8
2026-03-02 14:40:00,712 - build - model_api - INFO - setup_rivers.rivwth_method: powlaw
2026-03-02 14:40:00,712 - build - model_api - INFO - setup_rivers.qbankfull_method: manning
2026-03-02 14:40:00,712 - build - wflow - INFO - Preparing river maps.
2026-03-02 14:40:00,715 - build - rasterdataset - INFO - Reading merit_hydro raster data from /project/6087451/alaminie/Nile/Data_Catalog_Tana/Merit_T/*.tif
2026-03-02 14:40:00,746 - build - rasterdataset - DEBUG - Clip to [36.740, 10.946, 38.236, 12.754] (epsg:4326))
2026-03-02 14:40:00,750 - build - river - DEBUG - Set river mask (min uparea: 2 km2) and prepare flow dirs.
2026-03-02 14:40:00,805 - build - river - DEBUG - Derive river length.
2026-03-02 14:40:01,975 - build - river - DEBUG - Derive river slope.
2026-03-02 14:40:02,383 - build - dataframe - INFO - Reading roughness_river_mapping_default csv data from /project/6087451/alaminie/Nile/HydroMT_Wflow/lib/python3.11/site-packages/hydromt_wflow/data/wflow/N_river_mapping.csv
2026-03-02 14:40:02,391 - build - landuse - INFO - Deriving N_River using average resampling (nodata=-999.0).
2026-03-02 14:40:02,400 - build - geodataframe - INFO - Reading hydro_rivers_af vector data from /project/6087451/alaminie/Nile/Data_Catalog_Tana/HydroRIVERS_v10_af_clean.gpkg
2026-03-02 14:40:02,630 - build - geodataframe - DEBUG - Clip intersects [36.740, 10.946, 38.236, 12.754] (EPSG:4326)
2026-03-02 14:40:02,728 - build - river - DEBUG - Derive ['rivwth', 'rivdph', 'qbankfull'] from shapefile.
2026-03-02 14:40:02,872 - build - river - DEBUG - Valid for 9097/18889 river cells (max dist: 439 m).
2026-03-02 14:40:04,224 - build - wflow - DEBUG - Adding rivers vector to geoms.
2026-03-02 14:40:04,837 - build - model_api - INFO - setup_lakes.lakes_fn: hydro_lakes
2026-03-02 14:40:04,837 - build - model_api - INFO - setup_lakes.rating_curve_fns: None
2026-03-02 14:40:04,837 - build - model_api - INFO - setup_lakes.min_area: 10.0
2026-03-02 14:40:04,837 - build - model_api - INFO - setup_lakes.add_maxstorage: False
2026-03-02 14:40:04,837 - build - wflow - INFO - Preparing lake maps.
2026-03-02 14:40:04,838 - build - geodataframe - INFO - Reading hydro_lakes vector data from /project/6087451/alaminie/Nile/Data_Catalog_Tana/hydro_lakes_mjr5.gpkg
2026-03-02 14:40:04,864 - build - geodataframe - DEBUG - Clip contains [36.740, 10.946, 38.236, 12.754] (EPSG:4326)
2026-03-02 14:40:04,864 - build - wflow - WARNING - lake's database has no area attribute. All lakes will be considered.
2026-03-02 14:40:04,864 - build - wflow - INFO - 1 lake(s) of sufficient size found within region.
2026-03-02 14:40:04,868 - build - waterbodies - DEBUG - Setting lake outlet map based maximum upstream area.
2026-03-02 14:40:04,875 - build - wflow - WARNING - Could not parse integer lake index from rating curve fn None. Skipping.
2026-03-02 14:40:04,875 - build - wflow - WARNING - Rating curve file not found for lake with id 154. Using default storage/outflow function parameters.
2026-03-02 14:40:04,903 - build - model_api - INFO - setup_lulcmaps.lulc_fn: globcover
2026-03-02 14:40:04,903 - build - model_api - INFO - setup_lulcmaps.lulc_mapping_fn: None
2026-03-02 14:40:04,903 - build - model_api - INFO - setup_lulcmaps.lulc_vars: ['landuse', 'Kext', 'N', 'PathFrac', 'RootingDepth', 'Sl', 'Swood', 'WaterFrac', 'kc', 'alpha_h1', 'h1', 'h2', 'h3_high', 'h3_low', 'h4']
2026-03-02 14:40:04,903 - build - wflow - INFO - Preparing LULC parameter maps.
2026-03-02 14:40:04,904 - build - rasterdataset - INFO - Reading globcover raster data from /project/6087451/alaminie/Nile/Data_Catalog_Tana/landuse_bnb.tif
2026-03-02 14:40:04,952 - build - rasterdataset - DEBUG - Clip to [36.740, 10.946, 38.236, 12.754] (epsg:4326))
2026-03-02 14:40:04,953 - build - dataframe - INFO - Reading globcover_mapping_default csv data from /project/6087451/alaminie/Nile/HydroMT_Wflow/lib/python3.11/site-packages/hydromt_wflow/data/lulc/globcover_mapping.csv
2026-03-02 14:40:04,968 - build - landuse - INFO - Deriving landuse using nearest resampling (nodata=230).
2026-03-02 14:40:04,993 - build - landuse - INFO - Deriving Kext using average resampling (nodata=-999.0).
2026-03-02 14:40:05,016 - build - landuse - INFO - Deriving N using average resampling (nodata=-999.0).
2026-03-02 14:40:05,038 - build - landuse - INFO - Deriving PathFrac using average resampling (nodata=-999.0).
2026-03-02 14:40:05,060 - build - landuse - INFO - Deriving RootingDepth using average resampling (nodata=-999.0).
2026-03-02 14:40:05,082 - build - landuse - INFO - Deriving Sl using average resampling (nodata=-999.0).
2026-03-02 14:40:05,104 - build - landuse - INFO - Deriving Swood using average resampling (nodata=-999.0).
2026-03-02 14:40:05,126 - build - landuse - INFO - Deriving WaterFrac using average resampling (nodata=-999.0).
2026-03-02 14:40:05,148 - build - landuse - INFO - Deriving kc using average resampling (nodata=-999.0).
2026-03-02 14:40:05,170 - build - landuse - INFO - Deriving alpha_h1 using mode resampling (nodata=-999).
2026-03-02 14:40:05,260 - build - landuse - INFO - Deriving h1 using average resampling (nodata=-999).
2026-03-02 14:40:05,285 - build - landuse - INFO - Deriving h2 using average resampling (nodata=-999).
2026-03-02 14:40:05,312 - build - landuse - INFO - Deriving h3_high using average resampling (nodata=-999).
2026-03-02 14:40:05,339 - build - landuse - INFO - Deriving h3_low using average resampling (nodata=-999).
2026-03-02 14:40:05,365 - build - landuse - INFO - Deriving h4 using average resampling (nodata=-999).
2026-03-02 14:40:05,399 - build - model_api - INFO - setup_soilmaps.soil_fn: soilgrids_2020
2026-03-02 14:40:05,399 - build - model_api - INFO - setup_soilmaps.ptf_ksatver: brakensiek
2026-03-02 14:40:05,399 - build - model_api - INFO - setup_soilmaps.soil_mapping_fn: None
2026-03-02 14:40:05,399 - build - model_api - INFO - setup_soilmaps.wflow_thicknesslayers: [100, 300, 800]
2026-03-02 14:40:05,399 - build - wflow - INFO - Preparing soil parameter maps.
2026-03-02 14:40:05,407 - build - rasterdataset - INFO - Reading soilgrids_2020 raster data from /project/6087451/alaminie/Nile/Data_Catalog_Tana/SoilGrids_N/*.tif
2026-03-02 14:40:05,429 - build - io - WARNING - nodata value missing for /project/6087451/alaminie/Nile/Data_Catalog_Tana/SoilGrids_N/bd_sl1.tif
2026-03-02 14:40:05,432 - build - io - WARNING - nodata value missing for /project/6087451/alaminie/Nile/Data_Catalog_Tana/SoilGrids_N/bd_sl2.tif
2026-03-02 14:40:05,438 - build - io - WARNING - nodata value missing for /project/6087451/alaminie/Nile/Data_Catalog_Tana/SoilGrids_N/bd_sl3.tif
2026-03-02 14:40:05,447 - build - io - WARNING - nodata value missing for /project/6087451/alaminie/Nile/Data_Catalog_Tana/SoilGrids_N/bd_sl4.tif
2026-03-02 14:40:05,452 - build - io - WARNING - nodata value missing for /project/6087451/alaminie/Nile/Data_Catalog_Tana/SoilGrids_N/bd_sl5.tif
2026-03-02 14:40:05,457 - build - io - WARNING - nodata value missing for /project/6087451/alaminie/Nile/Data_Catalog_Tana/SoilGrids_N/bd_sl6.tif
2026-03-02 14:40:05,461 - build - io - WARNING - nodata value missing for /project/6087451/alaminie/Nile/Data_Catalog_Tana/SoilGrids_N/clyppt_sl1.tif
2026-03-02 14:40:05,508 - build - io - WARNING - nodata value missing for /project/6087451/alaminie/Nile/Data_Catalog_Tana/SoilGrids_N/clyppt_sl2.tif
2026-03-02 14:40:05,513 - build - io - WARNING - nodata value missing for /project/6087451/alaminie/Nile/Data_Catalog_Tana/SoilGrids_N/clyppt_sl3.tif
2026-03-02 14:40:05,518 - build - io - WARNING - nodata value missing for /project/6087451/alaminie/Nile/Data_Catalog_Tana/SoilGrids_N/clyppt_sl4.tif
2026-03-02 14:40:05,535 - build - io - WARNING - nodata value missing for /project/6087451/alaminie/Nile/Data_Catalog_Tana/SoilGrids_N/clyppt_sl5.tif
2026-03-02 14:40:05,539 - build - io - WARNING - nodata value missing for /project/6087451/alaminie/Nile/Data_Catalog_Tana/SoilGrids_N/clyppt_sl6.tif
2026-03-02 14:40:05,544 - build - io - WARNING - nodata value missing for /project/6087451/alaminie/Nile/Data_Catalog_Tana/SoilGrids_N/oc_sl1.tif
2026-03-02 14:40:05,549 - build - io - WARNING - nodata value missing for /project/6087451/alaminie/Nile/Data_Catalog_Tana/SoilGrids_N/oc_sl2.tif
2026-03-02 14:40:05,554 - build - io - WARNING - nodata value missing for /project/6087451/alaminie/Nile/Data_Catalog_Tana/SoilGrids_N/oc_sl3.tif
2026-03-02 14:40:05,559 - build - io - WARNING - nodata value missing for /project/6087451/alaminie/Nile/Data_Catalog_Tana/SoilGrids_N/oc_sl4.tif
2026-03-02 14:40:05,574 - build - io - WARNING - nodata value missing for /project/6087451/alaminie/Nile/Data_Catalog_Tana/SoilGrids_N/oc_sl5.tif
2026-03-02 14:40:05,599 - build - io - WARNING - nodata value missing for /project/6087451/alaminie/Nile/Data_Catalog_Tana/SoilGrids_N/oc_sl6.tif
2026-03-02 14:40:05,604 - build - io - WARNING - nodata value missing for /project/6087451/alaminie/Nile/Data_Catalog_Tana/SoilGrids_N/ph_sl1.tif
2026-03-02 14:40:05,608 - build - io - WARNING - nodata value missing for /project/6087451/alaminie/Nile/Data_Catalog_Tana/SoilGrids_N/ph_sl2.tif
2026-03-02 14:40:05,613 - build - io - WARNING - nodata value missing for /project/6087451/alaminie/Nile/Data_Catalog_Tana/SoilGrids_N/ph_sl3.tif
2026-03-02 14:40:05,618 - build - io - WARNING - nodata value missing for /project/6087451/alaminie/Nile/Data_Catalog_Tana/SoilGrids_N/ph_sl4.tif
2026-03-02 14:40:05,622 - build - io - WARNING - nodata value missing for /project/6087451/alaminie/Nile/Data_Catalog_Tana/SoilGrids_N/ph_sl5.tif
2026-03-02 14:40:05,638 - build - io - WARNING - nodata value missing for /project/6087451/alaminie/Nile/Data_Catalog_Tana/SoilGrids_N/ph_sl6.tif
2026-03-02 14:40:05,643 - build - io - WARNING - nodata value missing for /project/6087451/alaminie/Nile/Data_Catalog_Tana/SoilGrids_N/sltppt_sl1.tif
2026-03-02 14:40:05,648 - build - io - WARNING - nodata value missing for /project/6087451/alaminie/Nile/Data_Catalog_Tana/SoilGrids_N/sltppt_sl2.tif
2026-03-02 14:40:05,652 - build - io - WARNING - nodata value missing for /project/6087451/alaminie/Nile/Data_Catalog_Tana/SoilGrids_N/sltppt_sl3.tif
2026-03-02 14:40:05,657 - build - io - WARNING - nodata value missing for /project/6087451/alaminie/Nile/Data_Catalog_Tana/SoilGrids_N/sltppt_sl4.tif
2026-03-02 14:40:05,662 - build - io - WARNING - nodata value missing for /project/6087451/alaminie/Nile/Data_Catalog_Tana/SoilGrids_N/sltppt_sl5.tif
2026-03-02 14:40:05,667 - build - io - WARNING - nodata value missing for /project/6087451/alaminie/Nile/Data_Catalog_Tana/SoilGrids_N/sltppt_sl6.tif
2026-03-02 14:40:05,671 - build - io - WARNING - nodata value missing for /project/6087451/alaminie/Nile/Data_Catalog_Tana/SoilGrids_N/sndppt_sl1.tif
2026-03-02 14:40:05,680 - build - io - WARNING - nodata value missing for /project/6087451/alaminie/Nile/Data_Catalog_Tana/SoilGrids_N/sndppt_sl2.tif
2026-03-02 14:40:05,700 - build - io - WARNING - nodata value missing for /project/6087451/alaminie/Nile/Data_Catalog_Tana/SoilGrids_N/sndppt_sl3.tif
2026-03-02 14:40:05,705 - build - io - WARNING - nodata value missing for /project/6087451/alaminie/Nile/Data_Catalog_Tana/SoilGrids_N/sndppt_sl4.tif
2026-03-02 14:40:05,710 - build - io - WARNING - nodata value missing for /project/6087451/alaminie/Nile/Data_Catalog_Tana/SoilGrids_N/sndppt_sl5.tif
2026-03-02 14:40:05,715 - build - io - WARNING - nodata value missing for /project/6087451/alaminie/Nile/Data_Catalog_Tana/SoilGrids_N/sndppt_sl6.tif
2026-03-02 14:40:05,748 - build - rasterdataset - DEBUG - Clip to [36.740, 10.946, 38.236, 12.754] (epsg:4326))
2026-03-02 14:40:05,753 - build - rasterdataset - DEBUG - Convert units for 36 variables.
2026-03-02 14:40:05,899 - build - soilgrids - INFO - calculate and resample thetaS
2026-03-02 14:40:12,767 - build - soilgrids - INFO - calculate and resample thetaR
2026-03-02 14:40:15,873 - build - soilgrids - INFO - calculate and resample KsatVer
2026-03-02 14:40:16,214 - build - soilgrids - INFO - calculate and resample pore size distribution index
2026-03-02 14:40:18,655 - build - soilgrids - INFO - fit z - log(KsatVer) with numpy linalg regression (y = b*x) -> M_
2026-03-02 14:40:20,760 - build - soilgrids - INFO - fit zi - Ksat with curve_fit (scipy.optimize) -> M
2026-03-02 14:40:26,289 - build - soilgrids - DEBUG - Interpolate nodata (NaN) values for thetaS
2026-03-02 14:40:27,514 - build - soilgrids - DEBUG - Interpolate nodata (NaN) values for thetaR
2026-03-02 14:40:29,270 - build - soilgrids - DEBUG - Interpolate nodata (NaN) values for SoilThickness
2026-03-02 14:40:29,356 - build - soilgrids - DEBUG - Interpolate nodata (NaN) values for SoilMinThickness
2026-03-02 14:40:29,393 - build - soilgrids - DEBUG - Interpolate nodata (NaN) values for c
2026-03-02 14:40:29,397 - build - soilgrids - DEBUG - Interpolate nodata (NaN) values for KsatVer
2026-03-02 14:40:29,730 - build - soilgrids - DEBUG - Interpolate nodata (NaN) values for KsatVer_2.5cm
2026-03-02 14:40:29,867 - build - soilgrids - DEBUG - Interpolate nodata (NaN) values for KsatVer_10.0cm
2026-03-02 14:40:30,195 - build - soilgrids - DEBUG - Interpolate nodata (NaN) values for KsatVer_22.5cm
2026-03-02 14:40:30,335 - build - soilgrids - DEBUG - Interpolate nodata (NaN) values for KsatVer_45.0cm
2026-03-02 14:40:30,693 - build - soilgrids - DEBUG - Interpolate nodata (NaN) values for KsatVer_80.0cm
2026-03-02 14:40:31,014 - build - soilgrids - DEBUG - Interpolate nodata (NaN) values for KsatVer_150.0cm
2026-03-02 14:40:31,341 - build - soilgrids - DEBUG - Interpolate nodata (NaN) values for M_original_
2026-03-02 14:40:33,043 - build - soilgrids - DEBUG - Interpolate nodata (NaN) values for M_
2026-03-02 14:40:35,053 - build - soilgrids - DEBUG - Interpolate nodata (NaN) values for f_
2026-03-02 14:40:36,958 - build - soilgrids - DEBUG - Interpolate nodata (NaN) values for M_original
2026-03-02 14:40:38,862 - build - soilgrids - DEBUG - Interpolate nodata (NaN) values for M
2026-03-02 14:40:40,762 - build - soilgrids - DEBUG - Interpolate nodata (NaN) values for f
2026-03-02 14:40:42,625 - build - soilgrids - DEBUG - Interpolate nodata (NaN) values for wflow_soil
2026-03-02 14:40:43,262 - build - model_api - INFO - setup_laimaps.lai_fn: modis_lai
2026-03-02 14:40:43,262 - build - model_api - INFO - setup_laimaps.lulc_fn: None
2026-03-02 14:40:43,262 - build - model_api - INFO - setup_laimaps.lulc_sampling_method: any
2026-03-02 14:40:43,262 - build - model_api - INFO - setup_laimaps.lulc_zero_classes: []
2026-03-02 14:40:43,262 - build - model_api - INFO - setup_laimaps.buffer: 2
2026-03-02 14:40:43,262 - build - wflow - INFO - Preparing LAI maps.
2026-03-02 14:40:43,263 - build - rasterdataset - INFO - Reading modis_lai netcdf data from /project/6087451/alaminie/Nile/Data_Catalog_Tana/modis_lai_monthly_climatology.nc
2026-03-02 14:40:43,483 - build - rasterdataset - DEBUG - Clip to [36.740, 10.946, 38.236, 12.754] (epsg:4326))
2026-03-02 14:40:43,484 - build - landuse - INFO - Deriving LAI using average resampling (nodata=nan).
2026-03-02 14:40:44,250 - build - model_api - INFO - setup_outlets.river_only: True
2026-03-02 14:40:44,250 - build - model_api - INFO - setup_outlets.toml_output: csv
2026-03-02 14:40:44,250 - build - model_api - INFO - setup_outlets.gauge_toml_header: ['Q']
2026-03-02 14:40:44,250 - build - model_api - INFO - setup_outlets.gauge_toml_param: ['lateral.river.q_av']
2026-03-02 14:40:44,250 - build - wflow - INFO - Gauges locations set based on river outlets.
2026-03-02 14:40:44,254 - build - wflow - INFO - Gauges map based on catchment river outlets added.
2026-03-02 14:40:44,254 - build - wflow - INFO - Adding ['lateral.river.q_av'] to csv section of toml.
2026-03-02 14:40:44,254 - build - model_api - INFO - setup_gauges.gauges_fn: grdc
2026-03-02 14:40:44,254 - build - model_api - INFO - setup_gauges.index_col: None
2026-03-02 14:40:44,254 - build - model_api - INFO - setup_gauges.snap_to_river: True
2026-03-02 14:40:44,254 - build - model_api - INFO - setup_gauges.mask: None
2026-03-02 14:40:44,254 - build - model_api - INFO - setup_gauges.snap_uparea: False
2026-03-02 14:40:44,254 - build - model_api - INFO - setup_gauges.max_dist: 10000.0
2026-03-02 14:40:44,254 - build - model_api - INFO - setup_gauges.wdw: 3
2026-03-02 14:40:44,254 - build - model_api - INFO - setup_gauges.rel_error: 0.05
2026-03-02 14:40:44,254 - build - model_api - INFO - setup_gauges.abs_error: 50.0
2026-03-02 14:40:44,254 - build - model_api - INFO - setup_gauges.fillna: False
2026-03-02 14:40:44,254 - build - model_api - INFO - setup_gauges.derive_subcatch: False
2026-03-02 14:40:44,254 - build - model_api - INFO - setup_gauges.basename: None
2026-03-02 14:40:44,254 - build - model_api - INFO - setup_gauges.toml_output: csv
2026-03-02 14:40:44,254 - build - model_api - INFO - setup_gauges.gauge_toml_header: ['Q', 'P']
2026-03-02 14:40:44,254 - build - model_api - INFO - setup_gauges.gauge_toml_param: ['lateral.river.q_av', 'vertical.precipitation']
2026-03-02 14:40:44,255 - build - geodataframe - INFO - Reading grdc csv data from /project/6087451/alaminie/Nile/Data_Catalog_Tana/grdc_Tana.csv
2026-03-02 14:40:44,272 - build - geodataframe - DEBUG - Clip intersects [36.740, 10.946, 38.236, 12.754] (EPSG:4326)
2026-03-02 14:40:44,286 - build - wflow - INFO - 4 grdc gauge locations found within domain
2026-03-02 14:40:44,626 - build - wflow - INFO - Adding ['lateral.river.q_av', 'vertical.precipitation'] to csv section of toml.
2026-03-02 14:40:44,627 - build - model_api - INFO - setup_precip_forcing.precip_fn: chirps
2026-03-02 14:40:44,627 - build - model_api - INFO - setup_precip_forcing.precip_clim_fn: None
2026-03-02 14:40:44,627 - build - model_api - INFO - setup_precip_forcing.chunksize: None
2026-03-02 14:40:44,629 - build - rasterdataset - INFO - Reading chirps netcdf data from /project/6087451/alaminie/Nile/Data_Catalog_Tana/CHIRPS_daily_1991_2010_Nile_clipped50.nc
2026-03-02 14:40:44,640 - build - rasterdataset - DEBUG - Shifting time labels with 86400 sec.
2026-03-02 14:40:44,641 - build - rasterdataset - DEBUG - Slicing time dim (datetime.datetime(1991, 1, 1, 0, 0), datetime.datetime(1991, 3, 31, 0, 0))
2026-03-02 14:40:44,646 - build - rasterdataset - DEBUG - Clip to [36.740, 10.946, 38.236, 12.754] (epsg:4326))
2026-03-02 14:40:44,811 - build - model_api - INFO - setup_pet_forcing.pet_fn: era5
2026-03-02 14:40:44,811 - build - model_api - INFO - setup_pet_forcing.chunksize: None
2026-03-02 14:40:44,811 - build - wflow - INFO - Preparing potential evapotranspiration forcing maps.
2026-03-02 14:40:44,813 - build - rasterdataset - INFO - Reading era5 netcdf data from /project/6087451/alaminie/Nile/Data_Catalog_Tana/era5_pet_mmday_fixed_x3.nc
2026-03-02 14:40:44,822 - build - rasterdataset - DEBUG - Slicing time dim (datetime.datetime(1991, 1, 1, 0, 0), datetime.datetime(1991, 3, 31, 0, 0))
2026-03-02 14:40:44,824 - build - rasterdataset - DEBUG - Clip to [36.740, 10.946, 38.236, 12.754] (epsg:4326))
2026-03-02 14:40:44,907 - build - model_api - INFO - setup_constant_pars.dtype: float32
2026-03-02 14:40:44,907 - build - model_api - INFO - setup_constant_pars.nodata: -999
2026-03-02 14:40:44,907 - build - model_api - INFO - setup_constant_pars.KsatHorFrac: 1000
2026-03-02 14:40:44,907 - build - model_api - INFO - setup_constant_pars.Cfmax: 3.75653
2026-03-02 14:40:44,907 - build - model_api - INFO - setup_constant_pars.cf_soil: 0.038
2026-03-02 14:40:44,907 - build - model_api - INFO - setup_constant_pars.EoverR: 0.11
2026-03-02 14:40:44,907 - build - model_api - INFO - setup_constant_pars.InfiltCapPath: 5
2026-03-02 14:40:44,907 - build - model_api - INFO - setup_constant_pars.InfiltCapSoil: 600
2026-03-02 14:40:44,907 - build - model_api - INFO - setup_constant_pars.MaxLeakage: 0
2026-03-02 14:40:44,907 - build - model_api - INFO - setup_constant_pars.rootdistpar: -500
2026-03-02 14:40:44,907 - build - model_api - INFO - setup_constant_pars.TT: 0
2026-03-02 14:40:44,907 - build - model_api - INFO - setup_constant_pars.TTI: 2
2026-03-02 14:40:44,907 - build - model_api - INFO - setup_constant_pars.TTM: 0
2026-03-02 14:40:44,907 - build - model_api - INFO - setup_constant_pars.WHC: 0.1
2026-03-02 14:40:44,907 - build - model_api - INFO - setup_constant_pars.G_Cfmax: 5.3
2026-03-02 14:40:44,907 - build - model_api - INFO - setup_constant_pars.G_SIfrac: 0.002
2026-03-02 14:40:44,907 - build - model_api - INFO - setup_constant_pars.G_TT: 1.3
2026-03-02 14:40:44,908 - build - model_api - INFO - setup_constant_pars.Lake_b: 120
2026-03-02 14:40:44,908 - build - model_api - INFO - setup_constant_pars.Lake_e: 2
2026-03-02 14:40:44,908 - build - model_api - INFO - setup_constant_pars.LakeOutflowFunc: 3
2026-03-02 14:40:44,908 - build - model_api - INFO - setup_constant_pars.LakeStorFunc: 1
2026-03-02 14:40:44,908 - build - model_api - INFO - setup_constant_pars.LakeThreshold: 0
2026-03-02 14:40:44,908 - build - model_api - INFO - setup_constant_pars.LakeAvgLevel: 1786.5
2026-03-02 14:40:44,932 - build - wflow - INFO - Write model data to /project/6087451/alaminie/Nile/Data_Catalog_Tana/Wflow_chrpsTana1000_pet3Lake3mnth
2026-03-02 14:40:44,970 - build - wflow - INFO - Write grid to /project/6087451/alaminie/Nile/Data_Catalog_Tana/Wflow_chrpsTana1000_pet3Lake3mnth/staticmaps.nc
2026-03-02 14:40:45,159 - build - wflow - INFO - Writing model staticgeom to file.
2026-03-02 14:40:45,287 - build - wflow - INFO - Write forcing file
2026-03-02 14:40:45,297 - build - wflow - WARNING - Not all dates found in precip_fn changing starttime to 1991-01-02 00:00:00 and endtime to 1991-03-31 00:00:00 in the toml.
2026-03-02 14:40:45,299 - build - wflow - INFO - Process forcing; saving to /project/6087451/alaminie/Nile/Data_Catalog_Tana/Wflow_chrpsTana1000_pet3Lake3mnth/inmaps.nc
2026-03-02 14:40:45,412 - build - wflow - INFO - Writing model config to /project/6087451/alaminie/Nile/Data_Catalog_Tana/Wflow_chrpsTana1000_pet3Lake3mnth/wflow_sbm.toml
